// Jest Snapshot v1, https://goo.gl/fbAQLP

exports[`Button renders correctly 1`] = `
<button
  className="inline-flex items-center px-4 py-2 border border-transparent text-sm font-medium rounded-md shadow-sm text-white bg-mmb-500 hover:bg-mmb-600 focus:outline-none focus:ring-2 focus:ring-offset-2 focus:ring-mmb-500"
  type="button"
>
  Click Me!
</button>
`;
